Microchip MPLAB XC8 Compiler V2.32

Linker command line:

-W-3 --edf=C:\Program Files\Microchip\xc8\v2.32\pic\dat\en_msgs.txt -cn \
  -h+dist/default/production\Dig2_lab01.X.production.sym \
  --cmf=dist/default/production\Dig2_lab01.X.production.cmf -z -Q16F887 \
  -oC:\Users\nicou\AppData\Local\Temp\xcAs3ss.4 --defsym=__MPLAB_BUILD=1 \
  -Mdist/default/production/Dig2_lab01.X.production.map -E1 \
  -ver=XC8 Compiler --acfsm=1493 -ASTACK=0110h-016Fh -pstack=STACK \
  -ACODE=00h-07FFhx4 -ASTRCODE=00h-01FFFh -ASTRING=00h-0FFhx32 \
  -ACONST=00h-0FFhx32 -AENTRY=00h-0FFhx32 -ACOMMON=070h-07Fh \
  -ABANK0=020h-06Fh -ABANK1=0A0h-0EFh -ABANK2=0110h-016Fh \
  -ABANK3=0190h-01EFh -ARAM=020h-06Fh,0A0h-0EFh,0110h-016Fh,0190h-01EFh \
  -AABS1=020h-07Fh,0A0h-0EFh,0110h-016Fh,0190h-01EFh -ASFR0=00h-01Fh \
  -ASFR1=080h-09Fh -ASFR2=0100h-010Fh -ASFR3=0180h-018Fh \
  -ACONFIG=02007h-02008h -DCONFIG=2 -AIDLOC=02000h-02003h -DIDLOC=2 \
  -AEEDATA=00h-0FFh/02100h -peeprom_data=EEDATA -DEEDATA=2 -DCODE=2 \
  -DSTRCODE=2 -DSTRING=2 -DCONST=2 -DENTRY=2 \
  -preset_vec=00h,intentry=04h,init,end_init -ppowerup=CODE -pcinit=CODE \
  -pfunctab=ENTRY -k C:\Users\nicou\AppData\Local\Temp\xcAs3ss.o \
  dist/default/production\Dig2_lab01.X.production.o 

Object code version is 3.11

Machine type is 16F887



                Name                               Link     Load   Length Selector   Space Scale
C:\Users\nicou\AppData\Local\Temp\xcAs3ss.o
                end_init                              E        E        3        8       0
                reset_vec                             0        0        3        0       0
                config                             2007     2007        2        0       4
dist/default/production\Dig2_lab01.X.production.o
                cinit                                11       11        C        8       0
                intentry                              4        4        A        8       0
                config                             2007     2007        2        0       4
                text13                               E7       E7       53        8       0
                text12                               1D       1D       69        8       0
                text11                              1D2      1D2       1F        8       0
                text10                              177      177       37        8       0
                text9                               205      205       14        8       0
                text8                               22F      22F        8        8       0
                text7                               227      227        8        8       0
                text6                               1F1      1F1       14        8       0
                text5                               23D      23D        6        8       0
                text4                               237      237        6        8       0
                text3                               219      219        E        8       0
                text2                               1AE      1AE       24        8       0
                text1                                86       86       61        8       0
                maintext                            13A      13A       3D        8       0
                cstackBANK0                          20       20        E       20       1
                cstackCOMMON                         75       75        5       70       1
                bssBANK0                             2E       2E        1       20       1
                bssCOMMON                            70       70        5       70       1

TOTAL           Name                               Link     Load   Length     Space
        CLASS   STACK          

        CLASS   CODE           
                end_init                              E        E        3         0
                cinit                                11       11        C         0
                intentry                              4        4        A         0
                reset_vec                             0        0        3         0
                text13                               E7       E7       53         0
                text12                               1D       1D       69         0
                text11                              1D2      1D2       1F         0
                text10                              177      177       37         0
                text9                               205      205       14         0
                text8                               22F      22F        8         0
                text7                               227      227        8         0
                text6                               1F1      1F1       14         0
                text5                               23D      23D        6         0
                text4                               237      237        6         0
                text3                               219      219        E         0
                text2                               1AE      1AE       24         0
                text1                                86       86       61         0
                maintext                            13A      13A       3D         0

        CLASS   STRCODE        

        CLASS   STRING         

        CLASS   CONST          

        CLASS   ENTRY          

        CLASS   COMMON         
                cstackCOMMON                         75       75        5         1
                bssCOMMON                            70       70        5         1

        CLASS   BANK0          
                cstackBANK0                          20       20        E         1
                bssBANK0                             2E       2E        1         1

        CLASS   BANK1          

        CLASS   BANK2          

        CLASS   BANK3          

        CLASS   RAM            

        CLASS   ABS1           
                abs_s1                               7E       7E        2         1

        CLASS   SFR0           

        CLASS   SFR1           

        CLASS   SFR2           

        CLASS   SFR3           

        CLASS   CONFIG         
                config                             2007     2007        2         4

        CLASS   IDLOC          

        CLASS   EEDATA         



SEGMENTS        Name                           Load    Length   Top    Selector   Space  Class     Delta

                reset_vec                      000000  000003  000003         0       0  CODE        2
                intentry                       000004  00023F  000243         8       0  CODE        2
                cstackBANK0                    000020  00000F  00002F        20       1  BANK0       1
                bssCOMMON                      000070  00000A  00007A        70       1  COMMON      1


UNUSED ADDRESS RANGES

        Name                Unused          Largest block    Delta
        BANK0            002F-006F             41           1
        BANK1            00A0-00EF             50           1
        BANK2            0110-016F             60           1
        BANK3            0190-01EF             60           1
        CODE             0003-0003              1           2
                         0243-1FFF            800
        COMMON           007A-007D              4           1
        CONST            0003-0003              1           2
                         0243-1FFF            100
        EEDATA           2100-21FF            100           2
        ENTRY            0003-0003              1           2
                         0243-1FFF            100
        IDLOC            2000-2003              4           2
        RAM              002F-006F             41           1
                         00A0-00EF             50
                         0110-016F             60
                         0190-01EF             60
        SFR0             0000-001F             20           1
        SFR1             0080-009F             20           1
        SFR2             0100-010F             10           1
        SFR3             0180-018F             10           1
        STACK            0110-016F             60           1
        STRCODE          0003-0003              1           2
                         0243-1FFF           1DBD
        STRING           0003-0003              1           2
                         0243-1FFF            100

                                  Symbol Table

?___awdiv                cstackBANK0  0020
_ADCON0bits              (abs)        001F
_ADCON1bits              (abs)        009F
_ADRESH                  (abs)        001E
_ANSEL                   (abs)        0188
_ANSELH                  (abs)        0189
_ANSELHbits              (abs)        0189
_INTCONbits              (abs)        000B
_IOCBbits                (abs)        0096
_OPTION_REGbits          (abs)        0081
_OSCCONbits              (abs)        008F
_PIE1bits                (abs)        008C
_PIR1bits                (abs)        000C
_PORTA                   (abs)        0005
_PORTB                   (abs)        0006
_PORTBbits               (abs)        0006
_PORTC                   (abs)        0007
_PORTD                   (abs)        0008
_PORTDbits               (abs)        0008
_T1CONbits               (abs)        0010
_TMR1H                   (abs)        000F
_TMR1L                   (abs)        000E
_TRISA                   (abs)        0085
_TRISB                   (abs)        0086
_TRISBbits               (abs)        0086
_TRISC                   (abs)        0087
_TRISD                   (abs)        0088
_WPUBbits                (abs)        0095
__Habs1                  abs1         0000
__Hbank0                 bank0        0000
__Hbank1                 bank1        0000
__Hbank2                 bank2        0000
__Hbank3                 bank3        0000
__HbssBANK0              bssBANK0     0000
__HbssCOMMON             bssCOMMON    0000
__Hcinit                 cinit        001D
__Hclrtext               clrtext      0000
__Hcode                  code         0000
__Hcommon                common       0000
__Hconfig                config       2009
__HcstackBANK0           cstackBANK0  0000
__HcstackCOMMON          cstackCOMMON 0000
__Heeprom_data           eeprom_data  0000
__Hend_init              end_init     0011
__Hfunctab               functab      0000
__Hinit                  init         000E
__Hintentry              intentry     000E
__Hmaintext              maintext     0000
__Hpowerup               powerup      0000
__Hram                   ram          0000
__Hreset_vec             reset_vec    0003
__Hsfr0                  sfr0         0000
__Hsfr1                  sfr1         0000
__Hsfr2                  sfr2         0000
__Hsfr3                  sfr3         0000
__Hspace_0               (abs)        0243
__Hspace_1               (abs)        007A
__Hspace_2               (abs)        0000
__Hspace_3               (abs)        0000
__Hspace_4               (abs)        4010
__Hstack                 stack        0000
__Hstrings               strings      0000
__Htext                  text         0000
__Labs1                  abs1         0000
__Lbank0                 bank0        0000
__Lbank1                 bank1        0000
__Lbank2                 bank2        0000
__Lbank3                 bank3        0000
__LbssBANK0              bssBANK0     0000
__LbssCOMMON             bssCOMMON    0000
__Lcinit                 cinit        0011
__Lclrtext               clrtext      0000
__Lcode                  code         0000
__Lcommon                common       0000
__Lconfig                config       0000
__LcstackBANK0           cstackBANK0  0000
__LcstackCOMMON          cstackCOMMON 0000
__Leeprom_data           eeprom_data  0000
__Lend_init              end_init     000E
__Lfunctab               functab      0000
__Linit                  init         000E
__Lintentry              intentry     0004
__Lmaintext              maintext     0000
__Lpowerup               powerup      0000
__Lram                   ram          0000
__Lreset_vec             reset_vec    0000
__Lsfr0                  sfr0         0000
__Lsfr1                  sfr1         0000
__Lsfr2                  sfr2         0000
__Lsfr3                  sfr3         0000
__Lspace_0               (abs)        0000
__Lspace_1               (abs)        0000
__Lspace_2               (abs)        0000
__Lspace_3               (abs)        0000
__Lspace_4               (abs)        0000
__Lstack                 stack        0000
__Lstrings               strings      0000
__Ltext                  text         0000
__S0                     (abs)        0243
__S1                     (abs)        007A
__S2                     (abs)        0000
__S3                     (abs)        0000
___awdiv                 text12       001D
___awdiv@counter         cstackBANK0  0025
___awdiv@dividend        cstackBANK0  0022
___awdiv@divisor         cstackBANK0  0020
___awdiv@quotient        cstackBANK0  0027
___awdiv@sign            cstackBANK0  0026
___int_sp                stack        0000
___latbits               (abs)        0002
___sp                    stack        0000
___stackhi               (abs)        0000
___stacklo               (abs)        0000
__end_of___awdiv         text12       0086
__end_of__initialization cinit        0019
__end_of_con_ADC         text10       01AE
__end_of_config_adc      text9        0219
__end_of_config_clock    text8        0237
__end_of_config_ie       text7        022F
__end_of_config_io       text6        0205
__end_of_config_iocb     text5        0243
__end_of_config_pull     text4        023D
__end_of_config_tmr1     text3        0227
__end_of_division        text11       01F1
__end_of_isr             text13       013A
__end_of_main            maintext     0177
__end_of_setup           text2        01D2
__end_of_tabla_7segHEX   text1        00E7
__initialization         cinit        0011
__pbssBANK0              bssBANK0     002E
__pbssCOMMON             bssCOMMON    0070
__pcstackBANK0           cstackBANK0  0020
__pcstackCOMMON          cstackCOMMON 0075
__pintentry              intentry     0004
__pmaintext              maintext     013A
__ptext1                 text1        0086
__ptext10                text10       0177
__ptext11                text11       01D2
__ptext12                text12       001D
__ptext13                text13       00E7
__ptext2                 text2        01AE
__ptext3                 text3        0219
__ptext4                 text4        0237
__ptext5                 text5        023D
__ptext6                 text6        01F1
__ptext7                 text7        0227
__ptext8                 text8        022F
__ptext9                 text9        0205
__size_of___awdiv        (abs)        0000
__size_of_con_ADC        (abs)        0000
__size_of_config_adc     (abs)        0000
__size_of_config_clock   (abs)        0000
__size_of_config_ie      (abs)        0000
__size_of_config_io      (abs)        0000
__size_of_config_iocb    (abs)        0000
__size_of_config_pull    (abs)        0000
__size_of_config_tmr1    (abs)        0000
__size_of_division       (abs)        0000
__size_of_isr            (abs)        0000
__size_of_main           (abs)        0000
__size_of_setup          (abs)        0000
__size_of_tabla_7segHEX  (abs)        0000
_con_ADC                 text10       0177
_config_adc              text9        0205
_config_clock            text8        022F
_config_ie               text7        0227
_config_io               text6        01F1
_config_iocb             text5        023D
_config_pull             text4        0237
_config_tmr1             text3        0219
_dec                     bssCOMMON    0073
_display0                bssBANK0     002E
_display1                bssCOMMON    0070
_division                text11       01D2
_flip                    bssCOMMON    0074
_isr                     text13       00E7
_main                    maintext     013A
_setup                   text2        01AE
_tabla_7segHEX           text1        0086
_uni                     bssCOMMON    0072
_voltaje                 bssCOMMON    0071
btemp                    (abs)        007E
con_ADC@ADC_valor        cstackBANK0  0020
division@value           cstackBANK0  002C
end_of_initialization    cinit        0019
interrupt_function       intentry     0004
intlevel0                functab      0000
intlevel1                functab      0000
intlevel2                functab      0000
intlevel3                functab      0000
intlevel4                functab      0000
intlevel5                functab      0000
reset_vec                reset_vec    0000
saved_w                  (abs)        007E
start                    init         000E
start_initialization     cinit        0011
tabla_7segHEX@valor      cstackBANK0  0022
wtemp0                   (abs)        007E


MODULE INFORMATION

Module		Function		Class		Link	Load	Size
7segHEX.c
		_tabla_7segHEX 		CODE           	0086	0000	97

7segHEX.c estimated size: 97

ADC_config.c
		_con_ADC       		CODE           	0177	0000	55

ADC_config.c estimated size: 55

shared
		__initialization		CODE           	0011	0000	8

shared estimated size: 8

comparador_botones_pote.c
		_main          		CODE           	013A	0000	61
		_isr           		CODE           	00E7	0000	83
		_division      		CODE           	01D2	0000	31
		_setup         		CODE           	01AE	0000	36
		_config_ie     		CODE           	0227	0000	8
		_config_io     		CODE           	01F1	0000	20
		_config_adc    		CODE           	0205	0000	20
		_config_tmr1   		CODE           	0219	0000	14
		_config_iocb   		CODE           	023D	0000	6
		_config_pull   		CODE           	0237	0000	6
		_config_clock  		CODE           	022F	0000	8

comparador_botones_pote.c estimated size: 293

C:\Program Files\Microchip\xc8\v2.32\pic\sources\c90\common\awdiv.c
		___awdiv       		CODE           	001D	0000	105

C:\Program Files\Microchip\xc8\v2.32\pic\sources\c90\common\awdiv.c estimated size: 105

