Microchip MPLAB XC8 Compiler V2.32

Linker command line:

-W-3 --edf=C:\Program Files\Microchip\xc8\v2.32\pic\dat\en_msgs.txt -cn \
  -h+dist/default/production\Dig2-MP-Sbotones.X.production.sym \
  --cmf=dist/default/production\Dig2-MP-Sbotones.X.production.cmf -z \
  -Q16F887 -oC:\Users\nicou\AppData\Local\Temp\xcAs648.4 \
  --defsym=__MPLAB_BUILD=1 \
  -Mdist/default/production/Dig2-MP-Sbotones.X.production.map -E1 \
  -ver=XC8 Compiler --acfsm=1493 -ASTACK=0110h-016Fh -pstack=STACK \
  -ACODE=00h-07FFhx4 -ASTRCODE=00h-01FFFh -ASTRING=00h-0FFhx32 \
  -ACONST=00h-0FFhx32 -AENTRY=00h-0FFhx32 -ACOMMON=070h-07Fh \
  -ABANK0=020h-06Fh -ABANK1=0A0h-0EFh -ABANK2=0110h-016Fh \
  -ABANK3=0190h-01EFh -ARAM=020h-06Fh,0A0h-0EFh,0110h-016Fh,0190h-01EFh \
  -AABS1=020h-07Fh,0A0h-0EFh,0110h-016Fh,0190h-01EFh -ASFR0=00h-01Fh \
  -ASFR1=080h-09Fh -ASFR2=0100h-010Fh -ASFR3=0180h-018Fh \
  -ACONFIG=02007h-02008h -DCONFIG=2 -AIDLOC=02000h-02003h -DIDLOC=2 \
  -AEEDATA=00h-0FFh/02100h -peeprom_data=EEDATA -DEEDATA=2 -DCODE=2 \
  -DSTRCODE=2 -DSTRING=2 -DCONST=2 -DENTRY=2 \
  -preset_vec=00h,intentry=04h,init,end_init -ppowerup=CODE -pcinit=CODE \
  -pfunctab=ENTRY -k C:\Users\nicou\AppData\Local\Temp\xcAs648.o \
  dist/default/production\Dig2-MP-Sbotones.X.production.o 

Object code version is 3.11

Machine type is 16F887



                Name                               Link     Load   Length Selector   Space Scale
C:\Users\nicou\AppData\Local\Temp\xcAs648.o
                end_init                              C        C        3        8       0
                reset_vec                             0        0        3        0       0
                config                             2007     2007        2        0       4
dist/default/production\Dig2-MP-Sbotones.X.production.o
                cinit                                 F        F        6        8       0
                intentry                              4        4        8        8       0
                config                             2007     2007        2        0       4
                text11                               B6       B6        7        8       0
                text10                               9E       9E        9        8       0
                text9                                C9       C9        6        8       0
                text8                                15       15       33        8       0
                text7                                A7       A7        8        8       0
                text6                                AF       AF        7        8       0
                text5                                83       83        E        8       0
                text4                                C3       C3        6        8       0
                text3                                BD       BD        6        8       0
                text2                                6B       6B       18        8       0
                text1                                48       48       23        8       0
                maintext                             91       91        D        8       0
                cstackCOMMON                         70       70        8       70       1
                bssCOMMON                            78       78        2       70       1

TOTAL           Name                               Link     Load   Length     Space
        CLASS   STACK          

        CLASS   CODE           
                end_init                              C        C        3         0
                cinit                                 F        F        6         0
                intentry                              4        4        8         0
                reset_vec                             0        0        3         0
                text11                               B6       B6        7         0
                text10                               9E       9E        9         0
                text9                                C9       C9        6         0
                text8                                15       15       33         0
                text7                                A7       A7        8         0
                text6                                AF       AF        7         0
                text5                                83       83        E         0
                text4                                C3       C3        6         0
                text3                                BD       BD        6         0
                text2                                6B       6B       18         0
                text1                                48       48       23         0
                maintext                             91       91        D         0

        CLASS   STRCODE        

        CLASS   STRING         

        CLASS   CONST          

        CLASS   ENTRY          

        CLASS   COMMON         
                cstackCOMMON                         70       70        8         1
                bssCOMMON                            78       78        2         1

        CLASS   BANK0          

        CLASS   BANK1          

        CLASS   BANK2          

        CLASS   BANK3          

        CLASS   RAM            

        CLASS   ABS1           
                abs_s1                               7E       7E        2         1

        CLASS   SFR0           

        CLASS   SFR1           

        CLASS   SFR2           

        CLASS   SFR3           

        CLASS   CONFIG         
                config                             2007     2007        2         4

        CLASS   IDLOC          

        CLASS   EEDATA         



SEGMENTS        Name                           Load    Length   Top    Selector   Space  Class     Delta

                reset_vec                      000000  000003  000003         0       0  CODE        2
                intentry                       000004  0000CB  0000CF         8       0  CODE        2
                cstackCOMMON                   000070  00000A  00007A        70       1  COMMON      1


UNUSED ADDRESS RANGES

        Name                Unused          Largest block    Delta
        BANK0            0020-006F             50           1
        BANK1            00A0-00EF             50           1
        BANK2            0110-016F             60           1
        BANK3            0190-01EF             60           1
        CODE             0003-0003              1           2
                         00CF-1FFF            800
        COMMON           007A-007D              4           1
        CONST            0003-0003              1           2
                         00CF-1FFF            100
        EEDATA           2100-21FF            100           2
        ENTRY            0003-0003              1           2
                         00CF-1FFF            100
        IDLOC            2000-2003              4           2
        RAM              0020-006F             50           1
                         00A0-00EF             50
                         0110-016F             60
                         0190-01EF             60
        SFR0             0000-001F             20           1
        SFR1             0080-009F             20           1
        SFR2             0100-010F             10           1
        SFR3             0180-018F             10           1
        STACK            0110-016F             60           1
        STRCODE          0003-0003              1           2
                         00CF-1FFF           1F31
        STRING           0003-0003              1           2
                         00CF-1FFF            100

                                  Symbol Table

_ANSEL                   (abs)        0188
_ANSELH                  (abs)        0189
_INTCONbits              (abs)        000B
_IOCBbits                (abs)        0096
_OPTION_REGbits          (abs)        0081
_OSCCONbits              (abs)        008F
_PIE1bits                (abs)        008C
_PIR1bits                (abs)        000C
_PORTB                   (abs)        0006
_PORTD                   (abs)        0008
_RB5                     (abs)        0035
_RB7                     (abs)        0037
_SSPBUF                  (abs)        0013
_SSPCON                  (abs)        0014
_SSPSTAT                 (abs)        0094
_SSPSTATbits             (abs)        0094
_TRISA5                  (abs)        042D
_TRISB                   (abs)        0086
_TRISC3                  (abs)        043B
_TRISC4                  (abs)        043C
_TRISC5                  (abs)        043D
_TRISD                   (abs)        0088
_WPUBbits                (abs)        0095
__Habs1                  abs1         0000
__Hbank0                 bank0        0000
__Hbank1                 bank1        0000
__Hbank2                 bank2        0000
__Hbank3                 bank3        0000
__HbssCOMMON             bssCOMMON    0000
__Hcinit                 cinit        0015
__Hclrtext               clrtext      0000
__Hcode                  code         0000
__Hcommon                common       0000
__Hconfig                config       2009
__HcstackCOMMON          cstackCOMMON 0000
__Heeprom_data           eeprom_data  0000
__Hend_init              end_init     000F
__Hfunctab               functab      0000
__Hinit                  init         000C
__Hintentry              intentry     000C
__Hmaintext              maintext     0000
__Hpowerup               powerup      0000
__Hram                   ram          0000
__Hreset_vec             reset_vec    0003
__Hsfr0                  sfr0         0000
__Hsfr1                  sfr1         0000
__Hsfr2                  sfr2         0000
__Hsfr3                  sfr3         0000
__Hspace_0               (abs)        00CF
__Hspace_1               (abs)        007A
__Hspace_2               (abs)        0000
__Hspace_3               (abs)        0000
__Hspace_4               (abs)        4010
__Hstack                 stack        0000
__Hstrings               strings      0000
__Htext                  text         0000
__Labs1                  abs1         0000
__Lbank0                 bank0        0000
__Lbank1                 bank1        0000
__Lbank2                 bank2        0000
__Lbank3                 bank3        0000
__LbssCOMMON             bssCOMMON    0000
__Lcinit                 cinit        000F
__Lclrtext               clrtext      0000
__Lcode                  code         0000
__Lcommon                common       0000
__Lconfig                config       0000
__LcstackCOMMON          cstackCOMMON 0000
__Leeprom_data           eeprom_data  0000
__Lend_init              end_init     000C
__Lfunctab               functab      0000
__Linit                  init         000C
__Lintentry              intentry     0004
__Lmaintext              maintext     0000
__Lpowerup               powerup      0000
__Lram                   ram          0000
__Lreset_vec             reset_vec    0000
__Lsfr0                  sfr0         0000
__Lsfr1                  sfr1         0000
__Lsfr2                  sfr2         0000
__Lsfr3                  sfr3         0000
__Lspace_0               (abs)        0000
__Lspace_1               (abs)        0000
__Lspace_2               (abs)        0000
__Lspace_3               (abs)        0000
__Lspace_4               (abs)        0000
__Lstack                 stack        0000
__Lstrings               strings      0000
__Ltext                  text         0000
__S0                     (abs)        00CF
__S1                     (abs)        007A
__S2                     (abs)        0000
__S3                     (abs)        0000
___int_sp                stack        0000
___latbits               (abs)        0002
___sp                    stack        0000
___stackhi               (abs)        0000
___stacklo               (abs)        0000
__end_of__initialization cinit        0011
__end_of_config_clock    text7        00AF
__end_of_config_ie       text6        00B6
__end_of_config_io       text5        0091
__end_of_config_iocb     text4        00C9
__end_of_config_pull     text3        00C3
__end_of_isr             text8        0048
__end_of_main            maintext     009E
__end_of_setup           text1        006B
__end_of_spiInit         text2        0083
__end_of_spiRead         text10       00A7
__end_of_spiReceiveWait  text11       00BD
__end_of_spiWrite        text9        00CF
__initialization         cinit        000F
__pbssCOMMON             bssCOMMON    0078
__pcstackCOMMON          cstackCOMMON 0070
__pintentry              intentry     0004
__pmaintext              maintext     0091
__ptext1                 text1        0048
__ptext10                text10       009E
__ptext11                text11       00B6
__ptext2                 text2        006B
__ptext3                 text3        00BD
__ptext4                 text4        00C3
__ptext5                 text5        0083
__ptext6                 text6        00AF
__ptext7                 text7        00A7
__ptext8                 text8        0015
__ptext9                 text9        00C9
__size_of_config_clock   (abs)        0000
__size_of_config_ie      (abs)        0000
__size_of_config_io      (abs)        0000
__size_of_config_iocb    (abs)        0000
__size_of_config_pull    (abs)        0000
__size_of_isr            (abs)        0000
__size_of_main           (abs)        0000
__size_of_setup          (abs)        0000
__size_of_spiInit        (abs)        0000
__size_of_spiRead        (abs)        0000
__size_of_spiReceiveWait (abs)        0000
__size_of_spiWrite       (abs)        0000
_config_clock            text7        00A7
_config_ie               text6        00AF
_config_io               text5        0083
_config_iocb             text4        00C3
_config_pull             text3        00BD
_contador                bssCOMMON    0078
_isr                     text8        0015
_main                    maintext     0091
_setup                   text1        0048
_spiInit                 text2        006B
_spiRead                 text10       009E
_spiReceiveWait          text11       00B6
_spiWrite                text9        00C9
_trash                   bssCOMMON    0079
btemp                    (abs)        007E
end_of_initialization    cinit        0011
interrupt_function       intentry     0004
intlevel0                functab      0000
intlevel1                functab      0000
intlevel2                functab      0000
intlevel3                functab      0000
intlevel4                functab      0000
intlevel5                functab      0000
reset_vec                reset_vec    0000
saved_w                  (abs)        007E
spiInit@sClockIdle       cstackCOMMON 0075
spiInit@sDataSample      cstackCOMMON 0074
spiInit@sTransmitEdge    cstackCOMMON 0076
spiInit@sType            cstackCOMMON 0077
spiWrite@dat             cstackCOMMON 0070
start                    init         000C
start_initialization     cinit        000F
wtemp0                   (abs)        007E


MODULE INFORMATION

Module		Function		Class		Link	Load	Size
botones_main.c
		_main          		CODE           	0091	0000	13
		_isr           		CODE           	0015	0000	51
		_setup         		CODE           	0048	0000	35
		_config_ie     		CODE           	00AF	0000	7
		_config_io     		CODE           	0083	0000	14
		_config_iocb   		CODE           	00C3	0000	6
		_config_pull   		CODE           	00BD	0000	6
		_config_clock  		CODE           	00A7	0000	8

botones_main.c estimated size: 140

shared
		__initialization		CODE           	000F	0000	2

shared estimated size: 2

SPI.c
		_spiWrite      		CODE           	00C9	0000	6
		_spiInit       		CODE           	006B	0000	24
		_spiReceiveWait		CODE           	00B6	0000	7
		_spiRead       		CODE           	009E	0000	9

SPI.c estimated size: 46

