Microchip MPLAB XC8 Compiler V2.32

Linker command line:

-W-3 --edf=C:\Program Files\Microchip\xc8\v2.32\pic\dat\en_msgs.txt -cn \
  -h+dist/default/production\Dig2-MP-Stemperatura.X.production.sym \
  --cmf=dist/default/production\Dig2-MP-Stemperatura.X.production.cmf -z \
  -Q16F887 -oC:\Users\nicou\AppData\Local\Temp\xcAsgp8.5 \
  --defsym=__MPLAB_BUILD=1 \
  -Mdist/default/production/Dig2-MP-Stemperatura.X.production.map -E1 \
  -ver=XC8 Compiler --acfsm=1493 -ASTACK=0110h-016Fh -pstack=STACK \
  -ACODE=00h-07FFhx4 -ASTRCODE=00h-01FFFh -ASTRING=00h-0FFhx32 \
  -ACONST=00h-0FFhx32 -AENTRY=00h-0FFhx32 -ACOMMON=070h-07Fh \
  -ABANK0=020h-06Fh -ABANK1=0A0h-0EFh -ABANK2=0110h-016Fh \
  -ABANK3=0190h-01EFh -ARAM=020h-06Fh,0A0h-0EFh,0110h-016Fh,0190h-01EFh \
  -AABS1=020h-07Fh,0A0h-0EFh,0110h-016Fh,0190h-01EFh -ASFR0=00h-01Fh \
  -ASFR1=080h-09Fh -ASFR2=0100h-010Fh -ASFR3=0180h-018Fh \
  -ACONFIG=02007h-02008h -DCONFIG=2 -AIDLOC=02000h-02003h -DIDLOC=2 \
  -AEEDATA=00h-0FFh/02100h -peeprom_data=EEDATA -DEEDATA=2 -DCODE=2 \
  -DSTRCODE=2 -DSTRING=2 -DCONST=2 -DENTRY=2 \
  -preset_vec=00h,intentry=04h,init,end_init -ppowerup=CODE -pcinit=CODE \
  -pfunctab=ENTRY -k C:\Users\nicou\AppData\Local\Temp\xcAsgp8.o \
  dist/default/production\Dig2-MP-Stemperatura.X.production.o 

Object code version is 3.11

Machine type is 16F887



                Name                               Link     Load   Length Selector   Space Scale
C:\Users\nicou\AppData\Local\Temp\xcAsgp8.o
                end_init                              C        C        3        8       0
                reset_vec                             0        0        3        0       0
                config                             2007     2007        2        0       4
dist/default/production\Dig2-MP-Stemperatura.X.production.o
                cinit                                 F        F        7        8       0
                intentry                              4        4        8        8       0
                config                             2007     2007        2        0       4
                text13                              147      147        7        8       0
                text12                              12F      12F        9        8       0
                text11                              14E      14E        6        8       0
                text10                               78       78       27        8       0
                text9                               126      126        9        8       0
                text8                                9F       9F       25        8       0
                text7                                16       16       35        8       0
                text6                               102      102       15        8       0
                text5                               138      138        8        8       0
                text4                               140      140        7        8       0
                text3                               117      117        F        8       0
                text2                                C4       C4       20        8       0
                text1                                E4       E4       1E        8       0
                maintext                             4B       4B       2D        8       0
                cstackBANK0                          20       20        2       20       1
                cstackCOMMON                         70       70        7       70       1
                bssCOMMON                            77       77        3       70       1

TOTAL           Name                               Link     Load   Length     Space
        CLASS   STACK          

        CLASS   CODE           
                end_init                              C        C        3         0
                cinit                                 F        F        7         0
                intentry                              4        4        8         0
                reset_vec                             0        0        3         0
                text13                              147      147        7         0
                text12                              12F      12F        9         0
                text11                              14E      14E        6         0
                text10                               78       78       27         0
                text9                               126      126        9         0
                text8                                9F       9F       25         0
                text7                                16       16       35         0
                text6                               102      102       15         0
                text5                               138      138        8         0
                text4                               140      140        7         0
                text3                               117      117        F         0
                text2                                C4       C4       20         0
                text1                                E4       E4       1E         0
                maintext                             4B       4B       2D         0

        CLASS   STRCODE        

        CLASS   STRING         

        CLASS   CONST          

        CLASS   ENTRY          

        CLASS   COMMON         
                cstackCOMMON                         70       70        7         1
                bssCOMMON                            77       77        3         1

        CLASS   BANK0          
                cstackBANK0                          20       20        2         1

        CLASS   BANK1          

        CLASS   BANK2          

        CLASS   BANK3          

        CLASS   RAM            

        CLASS   ABS1           
                abs_s1                               7E       7E        2         1

        CLASS   SFR0           

        CLASS   SFR1           

        CLASS   SFR2           

        CLASS   SFR3           

        CLASS   CONFIG         
                config                             2007     2007        2         4

        CLASS   IDLOC          

        CLASS   EEDATA         



SEGMENTS        Name                           Load    Length   Top    Selector   Space  Class     Delta

                reset_vec                      000000  000003  000003         0       0  CODE        2
                intentry                       000004  000150  000154         8       0  CODE        2
                cstackBANK0                    000020  000002  000022        20       1  BANK0       1
                cstackCOMMON                   000070  00000A  00007A        70       1  COMMON      1


UNUSED ADDRESS RANGES

        Name                Unused          Largest block    Delta
        BANK0            0022-006F             4E           1
        BANK1            00A0-00EF             50           1
        BANK2            0110-016F             60           1
        BANK3            0190-01EF             60           1
        CODE             0003-0003              1           2
                         0154-1FFF            800
        COMMON           007A-007D              4           1
        CONST            0003-0003              1           2
                         0154-1FFF            100
        EEDATA           2100-21FF            100           2
        ENTRY            0003-0003              1           2
                         0154-1FFF            100
        IDLOC            2000-2003              4           2
        RAM              0022-006F             4E           1
                         00A0-00EF             50
                         0110-016F             60
                         0190-01EF             60
        SFR0             0000-001F             20           1
        SFR1             0080-009F             20           1
        SFR2             0100-010F             10           1
        SFR3             0180-018F             10           1
        STACK            0110-016F             60           1
        STRCODE          0003-0003              1           2
                         0154-1FFF           1EAC
        STRING           0003-0003              1           2
                         0154-1FFF            100

                                  Symbol Table

_ADCON0bits              (abs)        001F
_ADCON1bits              (abs)        009F
_ADRESH                  (abs)        001E
_ANSEL                   (abs)        0188
_ANSELH                  (abs)        0189
_ANSELHbits              (abs)        0189
_INTCONbits              (abs)        000B
_OSCCONbits              (abs)        008F
_PIE1bits                (abs)        008C
_PIR1bits                (abs)        000C
_PORTB                   (abs)        0006
_PORTD                   (abs)        0008
_RD2                     (abs)        0042
_RD3                     (abs)        0043
_RD7                     (abs)        0047
_SSPBUF                  (abs)        0013
_SSPCON                  (abs)        0014
_SSPSTAT                 (abs)        0094
_SSPSTATbits             (abs)        0094
_TRISA5                  (abs)        042D
_TRISB                   (abs)        0086
_TRISBbits               (abs)        0086
_TRISC3                  (abs)        043B
_TRISC4                  (abs)        043C
_TRISC5                  (abs)        043D
_TRISD                   (abs)        0088
__Habs1                  abs1         0000
__Hbank0                 bank0        0000
__Hbank1                 bank1        0000
__Hbank2                 bank2        0000
__Hbank3                 bank3        0000
__HbssCOMMON             bssCOMMON    0000
__Hcinit                 cinit        0016
__Hclrtext               clrtext      0000
__Hcode                  code         0000
__Hcommon                common       0000
__Hconfig                config       2009
__HcstackBANK0           cstackBANK0  0000
__HcstackCOMMON          cstackCOMMON 0000
__Heeprom_data           eeprom_data  0000
__Hend_init              end_init     000F
__Hfunctab               functab      0000
__Hinit                  init         000C
__Hintentry              intentry     000C
__Hmaintext              maintext     0000
__Hpowerup               powerup      0000
__Hram                   ram          0000
__Hreset_vec             reset_vec    0003
__Hsfr0                  sfr0         0000
__Hsfr1                  sfr1         0000
__Hsfr2                  sfr2         0000
__Hsfr3                  sfr3         0000
__Hspace_0               (abs)        0154
__Hspace_1               (abs)        007A
__Hspace_2               (abs)        0000
__Hspace_3               (abs)        0000
__Hspace_4               (abs)        4010
__Hstack                 stack        0000
__Hstrings               strings      0000
__Htext                  text         0000
__Labs1                  abs1         0000
__Lbank0                 bank0        0000
__Lbank1                 bank1        0000
__Lbank2                 bank2        0000
__Lbank3                 bank3        0000
__LbssCOMMON             bssCOMMON    0000
__Lcinit                 cinit        000F
__Lclrtext               clrtext      0000
__Lcode                  code         0000
__Lcommon                common       0000
__Lconfig                config       0000
__LcstackBANK0           cstackBANK0  0000
__LcstackCOMMON          cstackCOMMON 0000
__Leeprom_data           eeprom_data  0000
__Lend_init              end_init     000C
__Lfunctab               functab      0000
__Linit                  init         000C
__Lintentry              intentry     0004
__Lmaintext              maintext     0000
__Lpowerup               powerup      0000
__Lram                   ram          0000
__Lreset_vec             reset_vec    0000
__Lsfr0                  sfr0         0000
__Lsfr1                  sfr1         0000
__Lsfr2                  sfr2         0000
__Lsfr3                  sfr3         0000
__Lspace_0               (abs)        0000
__Lspace_1               (abs)        0000
__Lspace_2               (abs)        0000
__Lspace_3               (abs)        0000
__Lspace_4               (abs)        0000
__Lstack                 stack        0000
__Lstrings               strings      0000
__Ltext                  text         0000
__S0                     (abs)        0154
__S1                     (abs)        007A
__S2                     (abs)        0000
__S3                     (abs)        0000
___int_sp                stack        0000
___latbits               (abs)        0002
___sp                    stack        0000
___stackhi               (abs)        0000
___stacklo               (abs)        0000
__end_of__initialization cinit        0012
__end_of_con_ADC         text7        004B
__end_of_config_adc      text6        0117
__end_of_config_clock    text5        0140
__end_of_config_ie       text4        0147
__end_of_config_io       text3        0126
__end_of_isr             text10       009F
__end_of_main            maintext     0078
__end_of_map             text9        012F
__end_of_semaforo        text8        00C4
__end_of_setup           text1        0102
__end_of_spiInit         text2        00E4
__end_of_spiRead         text12       0138
__end_of_spiReceiveWait  text13       014E
__end_of_spiWrite        text11       0154
__initialization         cinit        000F
__pbssCOMMON             bssCOMMON    0077
__pcstackBANK0           cstackBANK0  0020
__pcstackCOMMON          cstackCOMMON 0070
__pintentry              intentry     0004
__pmaintext              maintext     004B
__ptext1                 text1        00E4
__ptext10                text10       0078
__ptext11                text11       014E
__ptext12                text12       012F
__ptext13                text13       0147
__ptext2                 text2        00C4
__ptext3                 text3        0117
__ptext4                 text4        0140
__ptext5                 text5        0138
__ptext6                 text6        0102
__ptext7                 text7        0016
__ptext8                 text8        009F
__ptext9                 text9        0126
__size_of_con_ADC        (abs)        0000
__size_of_config_adc     (abs)        0000
__size_of_config_clock   (abs)        0000
__size_of_config_ie      (abs)        0000
__size_of_config_io      (abs)        0000
__size_of_isr            (abs)        0000
__size_of_main           (abs)        0000
__size_of_map            (abs)        0000
__size_of_semaforo       (abs)        0000
__size_of_setup          (abs)        0000
__size_of_spiInit        (abs)        0000
__size_of_spiRead        (abs)        0000
__size_of_spiReceiveWait (abs)        0000
__size_of_spiWrite       (abs)        0000
_con_ADC                 text7        0016
_config_adc              text6        0102
_config_clock            text5        0138
_config_ie               text4        0140
_config_io               text3        0117
_grados                  bssCOMMON    0077
_isr                     text10       0078
_main                    maintext     004B
_map                     text9        0126
_semaforo                text8        009F
_setup                   text1        00E4
_spiInit                 text2        00C4
_spiRead                 text12       012F
_spiReceiveWait          text13       0147
_spiWrite                text11       014E
_trash                   bssCOMMON    0079
btemp                    (abs)        007E
con_ADC@ADC_valor        cstackCOMMON 0074
end_of_initialization    cinit        0012
interrupt_function       intentry     0004
intlevel0                functab      0000
intlevel1                functab      0000
intlevel2                functab      0000
intlevel3                functab      0000
intlevel4                functab      0000
intlevel5                functab      0000
map@valor                cstackCOMMON 0076
reset_vec                reset_vec    0000
saved_w                  (abs)        007E
semaforo@temperatura     cstackCOMMON 0074
spiInit@sClockIdle       cstackCOMMON 0075
spiInit@sDataSample      cstackCOMMON 0074
spiInit@sTransmitEdge    cstackCOMMON 0076
spiInit@sType            cstackBANK0  0020
spiWrite@dat             cstackCOMMON 0070
start                    init         000C
start_initialization     cinit        000F
wtemp0                   (abs)        007E


MODULE INFORMATION

Module		Function		Class		Link	Load	Size
shared
		__initialization		CODE           	000F	0000	3

shared estimated size: 3

ADC.c
		_con_ADC       		CODE           	0016	0000	53

ADC.c estimated size: 53

temperatura_main.c
		_map           		CODE           	0126	0000	9
		_main          		CODE           	004B	0000	45
		_isr           		CODE           	0078	0000	39
		_semaforo      		CODE           	009F	0000	37
		_setup         		CODE           	00E4	0000	30
		_config_ie     		CODE           	0140	0000	7
		_config_io     		CODE           	0117	0000	15
		_config_adc    		CODE           	0102	0000	21
		_config_clock  		CODE           	0138	0000	8

temperatura_main.c estimated size: 211

SPI.c
		_spiWrite      		CODE           	014E	0000	6
		_spiInit       		CODE           	00C4	0000	32
		_spiReceiveWait		CODE           	0147	0000	7
		_spiRead       		CODE           	012F	0000	9

SPI.c estimated size: 54

